
> sistema-hidroponia@0.1.0 build
> next build

   Ôû▓ Next.js 15.1.0

